******************************************************************************
             TMS320C2000 Linker PC v6.1.0                      
******************************************************************************
>> Linked Fri Sep 16 11:29:35 2016

OUTPUT FILE NAME:   <Example_F2802xLaunchPad_demo.out>
ENTRY POINT SYMBOL: "code_start"  address: 003f7ff6


MEMORY CONFIGURATION

         name            origin    length      used     unused   attr    fill
----------------------  --------  ---------  --------  --------  ----  --------
PAGE 0:
  PRAML0                00008000   00000800  00000020  000007e0  RWIX
  OTP                   003d7800   00000400  00000000  00000400  RWIX
  FLASHD                003f0000   00002000  00000000  00002000  RWIX
  FLASHC                003f2000   00002000  00000000  00002000  RWIX
  FLASHA                003f6000   00001f80  00001139  00000e47  RWIX
  CSM_RSVD              003f7f80   00000076  00000076  00000000  RWIX
  BEGIN                 003f7ff6   00000002  00000002  00000000  RWIX
  CSM_PWL_P0            003f7ff8   00000008  00000008  00000000  RWIX
  IQTABLES              003fe000   00000b50  00000000  00000b50  RWIX
  IQTABLES2             003feb50   0000008c  00000000  0000008c  RWIX
  IQTABLES3             003febdc   000000aa  00000000  000000aa  RWIX
  ROM                   003ff27c   00000d44  00000000  00000d44  RWIX
  RESET                 003fffc0   00000002  00000000  00000002  RWIX
  VECTORS               003fffc2   0000003e  00000000  0000003e  RWIX

PAGE 1:
  BOOT_RSVD             00000000   00000050  00000000  00000050  RWIX
  RAMM0                 00000050   000003b0  00000300  000000b0  RWIX
  RAMM1                 00000400   00000400  00000000  00000400  RWIX
  DEV_EMU               00000880   00000105  00000004  00000101  RWIX
  SYS_PWR_CTL           00000985   00000003  00000003  00000000  RWIX
  FLASH_REGS            00000a80   00000060  00000008  00000058  RWIX
  CSM                   00000ae0   00000010  00000010  00000000  RWIX
  ADC_RESULT            00000b00   00000020  00000020  00000000  RWIX
  CPU_TIMER0            00000c00   00000008  00000008  00000000  RWIX
  CPU_TIMER1            00000c08   00000008  00000008  00000000  RWIX
  CPU_TIMER2            00000c10   00000008  00000008  00000000  RWIX
  PIE_CTRL              00000ce0   00000020  0000001a  00000006  RWIX
  PIE_VECT              00000d00   00000100  00000100  00000000  RWIX
  COMP1                 00006400   00000020  00000011  0000000f  RWIX
  COMP2                 00006420   00000020  00000011  0000000f  RWIX
  EPWM1                 00006800   00000040  00000040  00000000  RWIX
  EPWM2                 00006840   00000040  00000040  00000000  RWIX
  EPWM3                 00006880   00000040  00000040  00000000  RWIX
  EPWM4                 000068c0   00000040  00000040  00000000  RWIX
  ECAP1                 00006a00   00000020  00000020  00000000  RWIX
  GPIOCTRL              00006f80   00000040  00000040  00000000  RWIX
  GPIODAT               00006fc0   00000020  00000020  00000000  RWIX
  GPIOINT               00006fe0   00000020  0000000a  00000016  RWIX
  SYSTEM                00007010   00000020  0000001f  00000001  RWIX
  SPIA                  00007040   00000010  00000010  00000000  RWIX
  SCIA                  00007050   00000010  00000010  00000000  RWIX
  NMIINTRUPT            00007060   00000010  00000010  00000000  RWIX
  XINTRUPT              00007070   00000010  00000010  00000000  RWIX
  ADC                   00007100   00000080  00000051  0000002f  RWIX
  I2CA                  00007900   00000040  00000022  0000001e  RWIX
  DRAML0                00008800   00000800  0000077e  00000082  RWIX
  PARTID                003d7fff   00000001  00000001  00000000  RWIX
  FLASHB                003f4000   00002000  00000000  00002000  RWIX
  CSM_PWL               003f7ff8   00000008  00000008  00000000  RWIX


SECTION ALLOCATION MAP

 output                                  attributes/
section   page    origin      length       input sections
--------  ----  ----------  ----------   ----------------
.pinit     0    003f6000    00000000     UNINITIALIZED

.econst    0    003f6000    00000159     
                  003f6000    00000100     driverlib.lib : pie.obj (.econst:_PIE_tableDebugInit)
                  003f6100    00000059     SciGui.obj (.econst:.string)

ramfuncs   0    003f6159    00000020     RUN ADDR = 00008000
                  003f6159    0000000c     driverlib.lib : flash.obj (ramfuncs:_FLASH_setup)
                  003f6165    00000006                   : flash.obj (ramfuncs:_FLASH_enablePipelineMode)
                  003f616b    00000005                   : flash.obj (ramfuncs:_FLASH_setActiveWaitCount)
                  003f6170    00000005                   : flash.obj (ramfuncs:_FLASH_setStandbyWaitCount)
                  003f6175    00000004                   : F2802x_asmfuncs.obj (ramfuncs)

.text      0    003f6179    00000f1c     
                  003f6179    000002ad     main.obj (.text:_main)
                  003f6426    00000158     SciGui.obj (.text:_sciaRxFifoIsr)
                  003f657e    00000122     main.obj (.text:_control_function)
                  003f66a0    00000094     Pwm.obj (.text:_HRPWM4_Config)
                  003f6734    00000083     rts2800_ml.lib : fs_div.obj (.text)
                  003f67b7    00000081     SerialCom.obj (.text:_ReadInputMsgFromSerialComMod)
                  003f6838    00000078     rts2800_ml.lib : fs_add.obj (.text)
                  003f68b0    0000006b     main.obj (.text:_scia_init)
                  003f691b    0000005a     rts2800_ml.lib : fs_mpy.obj (.text)
                  003f6975    00000049     driverlib.lib : gpio.obj (.text:_GPIO_setMode)
                  003f69be    00000044     rts2800_ml.lib : boot.obj (.text)
                  003f6a02    00000035     SerialCom.obj (.text:_PushFloatArrayToSerialCom)
                  003f6a37    00000034     driverlib.lib : gpio.obj (.text:_GPIO_setDirection)
                  003f6a6b    00000034                   : gpio.obj (.text:_GPIO_setPullUp)
                  003f6a9f    00000032     main.obj (.text:_cpu_timer0_isr)
                  003f6ad1    0000002e     main.obj (.text:_flag_function)
                  003f6aff    0000002b     driverlib.lib : gpio.obj (.text:_GPIO_setQualification)
                  003f6b2a    00000029     Control.obj (.text:_PLL_SdC_function)
                  003f6b53    00000025     rts2800_ml.lib : fs_toi.obj (.text)
                  003f6b78    00000024     driverlib.lib : adc.obj (.text:_ADC_setIntSrc)
                  003f6b9c    00000024     main.obj (.text:_sampleTemperature)
                  003f6bc0    00000023     SerialCom.obj (.text:_ReadFloatFromSerialCom)
                  003f6be3    00000021     rts2800_ml.lib : memcpy_ff.obj (.text)
                  003f6c04    00000020     SerialCom.obj (.text:_WriteOutputMsgToSerialCom)
                  003f6c24    0000001c     driverlib.lib : adc.obj (.text:_ADC_setSocChanNumber)
                  003f6c40    0000001c                   : adc.obj (.text:_ADC_setSocSampleWindow)
                  003f6c5c    0000001c                   : adc.obj (.text:_ADC_setSocTrigSrc)
                  003f6c78    0000001a     rts2800_ml.lib : i_tofs.obj (.text)
                  003f6c92    00000019                    : args_main.obj (.text)
                  003f6cab    00000019                    : exit.obj (.text)
                  003f6cc4    00000018     driverlib.lib : adc.obj (.text:_ADC_enableInt)
                  003f6cdc    00000017     rts2800_ml.lib : strncmp.obj (.text)
                  003f6cf3    00000015     driverlib.lib : pll.obj (.text:_PLL_setup)
                  003f6d08    00000013                   : gpio.obj (.text:_GPIO_setHigh)
                  003f6d1b    00000013                   : gpio.obj (.text:_GPIO_setLow)
                  003f6d2e    00000013                   : gpio.obj (.text:_GPIO_toggle)
                  003f6d41    00000013                   : timer.obj (.text:_TIMER_setPreScaler)
                  003f6d54    00000012                   : adc.obj (.text:_ADC_setVoltRefSrc)
                  003f6d66    00000012                   : F2802x_asmfuncs.obj (.text)
                  003f6d78    00000011                   : pie.obj (.text:_PIE_setDebugIntVectorTable)
                  003f6d89    0000000f                   : pie.obj (.text:_PIE_disableAllInts)
                  003f6d98    0000000f                   : pie.obj (.text:_PIE_registerPieIntHandler)
                  003f6da7    0000000f     SciGui.obj (.text:_PumpSciGui)
                  003f6db6    0000000b     driverlib.lib : adc.obj (.text:_ADC_enable)
                  003f6dc1    0000000b                   : adc.obj (.text:_ADC_enableBandGap)
                  003f6dcc    0000000b                   : adc.obj (.text:_ADC_enableRefBuffers)
                  003f6dd7    0000000b                   : adc.obj (.text:_ADC_enableTempSensor)
                  003f6de2    0000000b                   : adc.obj (.text:_ADC_powerUp)
                  003f6ded    0000000a                   : pie.obj (.text:_PIE_enableInt)
                  003f6df7    0000000a                   : pwm.obj (.text:_PWM_setHrControlMode)
                  003f6e01    0000000a                   : pwm.obj (.text:_PWM_setHrEdgeMode)
                  003f6e0b    0000000a                   : pwm.obj (.text:_PWM_setHrShadowMode)
                  003f6e15    0000000a                   : sci.obj (.text:_SCI_resetChannels)
                  003f6e1f    0000000a                   : sci.obj (.text:_SCI_resetRxFifo)
                  003f6e29    0000000a                   : sci.obj (.text:_SCI_resetTxFifo)
                  003f6e33    00000009                   : clk.obj (.text:_CLK_enablePwmClock)
                  003f6e3c    00000009                   : clk.obj (.text:_CLK_enableSciaClock)
                  003f6e45    00000009                   : pwm.obj (.text:_PWM_setActionQual_CntUp_CmpA_PwmA)
                  003f6e4e    00000009                   : pwm.obj (.text:_PWM_setActionQual_CntUp_CmpB_PwmB)
                  003f6e57    00000009     rts2800_ml.lib : _lock.obj (.text)
                  003f6e60    00000008     driverlib.lib : adc.obj (.text:_ADC_init)
                  003f6e68    00000008                   : pie.obj (.text:_PIE_init)
                  003f6e70    00000008                   : wdog.obj (.text:_WDOG_disable)
                  003f6e78    00000007                   : clk.obj (.text:_CLK_disableTbClockSync)
                  003f6e7f    00000007                   : clk.obj (.text:_CLK_enableAdcClock)
                  003f6e86    00000007                   : clk.obj (.text:_CLK_enableTbClockSync)
                  003f6e8d    00000007                   : clk.obj (.text:_CLK_init)
                  003f6e94    00000007                   : clk.obj (.text:_CLK_setClkOutPreScaler)
                  003f6e9b    00000007                   : clk.obj (.text:_CLK_setOscSrc)
                  003f6ea2    00000007                   : flash.obj (.text:_FLASH_init)
                  003f6ea9    00000007                   : gpio.obj (.text:_GPIO_init)
                  003f6eb0    00000007                   : pll.obj (.text:_PLL_init)
                  003f6eb7    00000007                   : pll.obj (.text:_PLL_setDivider)
                  003f6ebe    00000007                   : pwm.obj (.text:_PWM_init)
                  003f6ec5    00000007                   : pwm.obj (.text:_PWM_setActionQual_Zero_PwmA)
                  003f6ecc    00000007                   : pwm.obj (.text:_PWM_setActionQual_Zero_PwmB)
                  003f6ed3    00000007                   : sci.obj (.text:_SCI_init)
                  003f6eda    00000007                   : sci.obj (.text:_SCI_setRxFifoIntLevel)
                  003f6ee1    00000007                   : sci.obj (.text:_SCI_setTxFifoIntLevel)
                  003f6ee8    00000007                   : timer.obj (.text:_TIMER_init)
                  003f6eef    00000007                   : timer.obj (.text:_TIMER_setEmulationMode)
                  003f6ef6    00000007                   : wdog.obj (.text:_WDOG_init)
                  003f6efd    00000007     SerialCom.obj (.text:_scia_xmit)
                  003f6f04    00000006     driverlib.lib : pll.obj (.text:_PLL_setMultiplier)
                  003f6f0a    00000006                   : pwm.obj (.text:_PWM_setLoadMode_CmpB)
                  003f6f10    00000006                   : pwm.obj (.text:_PWM_setShadowMode_CmpA)
                  003f6f16    00000006                   : pwm.obj (.text:_PWM_setShadowMode_CmpB)
                  003f6f1c    00000006                   : sci.obj (.text:_SCI_setBaudRate)
                  003f6f22    00000005                   : F2802x_DefaultIsr.obj (.text:_ADCINT1_ISR)
                  003f6f27    00000005                   : F2802x_DefaultIsr.obj (.text:_ADCINT2_ISR)
                  003f6f2c    00000005                   : F2802x_DefaultIsr.obj (.text:_ADCINT3_ISR)
                  003f6f31    00000005                   : F2802x_DefaultIsr.obj (.text:_ADCINT4_ISR)
                  003f6f36    00000005                   : F2802x_DefaultIsr.obj (.text:_ADCINT5_ISR)
                  003f6f3b    00000005                   : F2802x_DefaultIsr.obj (.text:_ADCINT6_ISR)
                  003f6f40    00000005                   : F2802x_DefaultIsr.obj (.text:_ADCINT7_ISR)
                  003f6f45    00000005                   : F2802x_DefaultIsr.obj (.text:_ADCINT8_ISR)
                  003f6f4a    00000005                   : F2802x_DefaultIsr.obj (.text:_ADCINT9_ISR)
                  003f6f4f    00000005                   : F2802x_DefaultIsr.obj (.text:_DATALOG_ISR)
                  003f6f54    00000005                   : F2802x_DefaultIsr.obj (.text:_ECAP1_INT_ISR)
                  003f6f59    00000005                   : F2802x_DefaultIsr.obj (.text:_EMUINT_ISR)
                  003f6f5e    00000005                   : F2802x_DefaultIsr.obj (.text:_EPWM1_INT_ISR)
                  003f6f63    00000005                   : F2802x_DefaultIsr.obj (.text:_EPWM1_TZINT_ISR)
                  003f6f68    00000005                   : F2802x_DefaultIsr.obj (.text:_EPWM2_INT_ISR)
                  003f6f6d    00000005                   : F2802x_DefaultIsr.obj (.text:_EPWM2_TZINT_ISR)
                  003f6f72    00000005                   : F2802x_DefaultIsr.obj (.text:_EPWM3_INT_ISR)
                  003f6f77    00000005                   : F2802x_DefaultIsr.obj (.text:_EPWM3_TZINT_ISR)
                  003f6f7c    00000005                   : F2802x_DefaultIsr.obj (.text:_I2CINT1A_ISR)
                  003f6f81    00000005                   : F2802x_DefaultIsr.obj (.text:_I2CINT2A_ISR)
                  003f6f86    00000005                   : F2802x_DefaultIsr.obj (.text:_ILLEGAL_ISR)
                  003f6f8b    00000005                   : F2802x_DefaultIsr.obj (.text:_INT13_ISR)
                  003f6f90    00000005                   : F2802x_DefaultIsr.obj (.text:_INT14_ISR)
                  003f6f95    00000005                   : F2802x_DefaultIsr.obj (.text:_NMI_ISR)
                  003f6f9a    00000005                   : F2802x_DefaultIsr.obj (.text:_PIE_RESERVED)
                  003f6f9f    00000005                   : F2802x_DefaultIsr.obj (.text:_RTOSINT_ISR)
                  003f6fa4    00000005                   : F2802x_DefaultIsr.obj (.text:_SCIRXINTA_ISR)
                  003f6fa9    00000005                   : F2802x_DefaultIsr.obj (.text:_SCITXINTA_ISR)
                  003f6fae    00000005                   : F2802x_DefaultIsr.obj (.text:_SPIRXINTA_ISR)
                  003f6fb3    00000005                   : F2802x_DefaultIsr.obj (.text:_SPITXINTA_ISR)
                  003f6fb8    00000005                   : F2802x_DefaultIsr.obj (.text:_TINT0_ISR)
                  003f6fbd    00000005                   : F2802x_DefaultIsr.obj (.text:_USER10_ISR)
                  003f6fc2    00000005                   : F2802x_DefaultIsr.obj (.text:_USER11_ISR)
                  003f6fc7    00000005                   : F2802x_DefaultIsr.obj (.text:_USER12_ISR)
                  003f6fcc    00000005                   : F2802x_DefaultIsr.obj (.text:_USER1_ISR)
                  003f6fd1    00000005                   : F2802x_DefaultIsr.obj (.text:_USER2_ISR)
                  003f6fd6    00000005                   : F2802x_DefaultIsr.obj (.text:_USER3_ISR)
                  003f6fdb    00000005                   : F2802x_DefaultIsr.obj (.text:_USER4_ISR)
                  003f6fe0    00000005                   : F2802x_DefaultIsr.obj (.text:_USER5_ISR)
                  003f6fe5    00000005                   : F2802x_DefaultIsr.obj (.text:_USER6_ISR)
                  003f6fea    00000005                   : F2802x_DefaultIsr.obj (.text:_USER7_ISR)
                  003f6fef    00000005                   : F2802x_DefaultIsr.obj (.text:_USER8_ISR)
                  003f6ff4    00000005                   : F2802x_DefaultIsr.obj (.text:_USER9_ISR)
                  003f6ff9    00000005                   : F2802x_DefaultIsr.obj (.text:_WAKEINT_ISR)
                  003f6ffe    00000005                   : F2802x_DefaultIsr.obj (.text:_XINT1_ISR)
                  003f7003    00000005                   : F2802x_DefaultIsr.obj (.text:_XINT2_ISR)
                  003f7008    00000005                   : F2802x_DefaultIsr.obj (.text:_XINT3_ISR)
                  003f700d    00000005                   : F2802x_DefaultIsr.obj (.text:_rsvd_ISR)
                  003f7012    00000004                   : cpu.obj (.text:_CPU_enableInt)
                  003f7016    00000004                   : cpu.obj (.text:_CPU_init)
                  003f701a    00000004                   : pwm.obj (.text:_PWM_setClkDiv)
                  003f701e    00000004                   : pwm.obj (.text:_PWM_setCounterMode)
                  003f7022    00000004                   : pwm.obj (.text:_PWM_setHighSpeedClkDiv)
                  003f7026    00000004                   : pwm.obj (.text:_PWM_setLoadMode_CmpA)
                  003f702a    00000004                   : pwm.obj (.text:_PWM_setPeriodLoad)
                  003f702e    00000004                   : pwm.obj (.text:_PWM_setSyncMode)
                  003f7032    00000004                   : sci.obj (.text:_SCI_clearRxFifoInt)
                  003f7036    00000004                   : sci.obj (.text:_SCI_clearRxFifoOvf)
                  003f703a    00000004                   : sci.obj (.text:_SCI_clearTxFifoInt)
                  003f703e    00000004                   : sci.obj (.text:_SCI_enableFifoEnh)
                  003f7042    00000004                   : sci.obj (.text:_SCI_enableRxFifoInt)
                  003f7046    00000004                   : sci.obj (.text:_SCI_setCharLength)
                  003f704a    00000004                   : sci.obj (.text:_SCI_setNumStopBits)
                  003f704e    00000003                   : cpu.obj (.text:_CPU_clearIntFlags)
                  003f7051    00000003                   : cpu.obj (.text:_CPU_disableGlobalInts)
                  003f7054    00000003                   : cpu.obj (.text:_CPU_enableDebugInt)
                  003f7057    00000003                   : cpu.obj (.text:_CPU_enableGlobalInts)
                  003f705a    00000003                   : pie.obj (.text:_PIE_disable)
                  003f705d    00000003                   : pie.obj (.text:_PIE_enable)
                  003f7060    00000003                   : pie.obj (.text:_PIE_enableTimer0Int)
                  003f7063    00000003                   : pll.obj (.text:_PLL_getClkStatus)
                  003f7066    00000003                   : pll.obj (.text:_PLL_getLockStatus)
                  003f7069    00000003                   : pwm.obj (.text:_PWM_disableCounterLoad)
                  003f706c    00000003                   : sci.obj (.text:_SCI_disableParity)
                  003f706f    00000003                   : sci.obj (.text:_SCI_enable)
                  003f7072    00000003                   : sci.obj (.text:_SCI_enableRx)
                  003f7075    00000003                   : sci.obj (.text:_SCI_enableRxInt)
                  003f7078    00000003                   : sci.obj (.text:_SCI_enableTx)
                  003f707b    00000003                   : sci.obj (.text:_SCI_enableTxInt)
                  003f707e    00000003                   : sci.obj (.text:_SCI_setPriority)
                  003f7081    00000003                   : timer.obj (.text:_TIMER_enableInt)
                  003f7084    00000003                   : timer.obj (.text:_TIMER_reload)
                  003f7087    00000003                   : timer.obj (.text:_TIMER_start)
                  003f708a    00000003                   : timer.obj (.text:_TIMER_stop)
                  003f708d    00000002                   : pwm.obj (.text:_PWM_setCount)
                  003f708f    00000002                   : pwm.obj (.text:_PWM_setPeriod)
                  003f7091    00000002                   : pwm.obj (.text:_PWM_setPhase)
                  003f7093    00000002                   : timer.obj (.text:_TIMER_setPeriod)

.cinit     0    003f7095    000000a4     
                  003f7095    0000004c     SciGui.obj (.cinit)
                  003f70e1    00000029     main.obj (.cinit)
                  003f710a    00000015     SerialCom.obj (.cinit)
                  003f711f    0000000a     rts2800_ml.lib : _lock.obj (.cinit)
                  003f7129    0000000a                    : exit.obj (.cinit)
                  003f7133    00000004     Control.obj (.cinit)
                  003f7137    00000002     --HOLE-- [fill = 0]

csm_rsvd   0    003f7f80    00000076     
                  003f7f80    00000076     driverlib.lib : F2802x_asmfuncs.obj (csm_rsvd)

codestart 
*          0    003f7ff6    00000002     
                  003f7ff6    00000002     driverlib.lib : F2802x_asmfuncs.obj (codestart)

csmpasswds 
*          0    003f7ff8    00000008     
                  003f7ff8    00000008     driverlib.lib : F2802x_asmfuncs.obj (csmpasswds)

.reset     0    003fffc0    00000002     DSECT
                  003fffc0    00000002     rts2800_ml.lib : boot.obj (.reset)

vectors    0    003fffc2    00000000     DSECT

.stack     1    00000050    00000300     UNINITIALIZED
                  00000050    00000300     --HOLE--

DevEmuRegsFile 
*          1    00000880    00000004     UNINITIALIZED
                  00000880    00000004     driverlib.lib : F2802x_GlobalVariableDefs.obj (DevEmuRegsFile)

SysPwrCtrlRegsFile 
*          1    00000985    00000003     UNINITIALIZED
                  00000985    00000003     driverlib.lib : F2802x_GlobalVariableDefs.obj (SysPwrCtrlRegsFile)

FlashRegsFile 
*          1    00000a80    00000008     UNINITIALIZED
                  00000a80    00000008     driverlib.lib : F2802x_GlobalVariableDefs.obj (FlashRegsFile)

CsmRegsFile 
*          1    00000ae0    00000010     UNINITIALIZED
                  00000ae0    00000010     driverlib.lib : F2802x_GlobalVariableDefs.obj (CsmRegsFile)

AdcResultFile 
*          1    00000b00    00000020     UNINITIALIZED
                  00000b00    00000020     driverlib.lib : F2802x_GlobalVariableDefs.obj (AdcResultFile)

CpuTimer0RegsFile 
*          1    00000c00    00000008     UNINITIALIZED
                  00000c00    00000008     driverlib.lib : F2802x_GlobalVariableDefs.obj (CpuTimer0RegsFile)

CpuTimer1RegsFile 
*          1    00000c08    00000008     UNINITIALIZED
                  00000c08    00000008     driverlib.lib : F2802x_GlobalVariableDefs.obj (CpuTimer1RegsFile)

CpuTimer2RegsFile 
*          1    00000c10    00000008     UNINITIALIZED
                  00000c10    00000008     driverlib.lib : F2802x_GlobalVariableDefs.obj (CpuTimer2RegsFile)

PieCtrlRegsFile 
*          1    00000ce0    0000001a     UNINITIALIZED
                  00000ce0    0000001a     driverlib.lib : F2802x_GlobalVariableDefs.obj (PieCtrlRegsFile)

PieVectTableFile 
*          1    00000d00    00000100     UNINITIALIZED
                  00000d00    00000100     driverlib.lib : F2802x_GlobalVariableDefs.obj (PieVectTableFile)

EmuKeyVar 
*          1    00000d00    00000001     UNINITIALIZED
                  00000d00    00000001     driverlib.lib : F2802x_GlobalVariableDefs.obj (EmuKeyVar)

EmuBModeVar 
*          1    00000d01    00000001     UNINITIALIZED
                  00000d01    00000001     driverlib.lib : F2802x_GlobalVariableDefs.obj (EmuBModeVar)

FlashCallbackVar 
*          1    00000d02    00000002     UNINITIALIZED
                  00000d02    00000002     driverlib.lib : F2802x_GlobalVariableDefs.obj (FlashCallbackVar)

FlashScalingVar 
*          1    00000d04    00000002     UNINITIALIZED
                  00000d04    00000002     driverlib.lib : F2802x_GlobalVariableDefs.obj (FlashScalingVar)

Comp1RegsFile 
*          1    00006400    00000011     UNINITIALIZED
                  00006400    00000011     driverlib.lib : F2802x_GlobalVariableDefs.obj (Comp1RegsFile)

Comp2RegsFile 
*          1    00006420    00000011     UNINITIALIZED
                  00006420    00000011     driverlib.lib : F2802x_GlobalVariableDefs.obj (Comp2RegsFile)

EPwm1RegsFile 
*          1    00006800    00000040     UNINITIALIZED
                  00006800    00000040     driverlib.lib : F2802x_GlobalVariableDefs.obj (EPwm1RegsFile)

EPwm2RegsFile 
*          1    00006840    00000040     UNINITIALIZED
                  00006840    00000040     driverlib.lib : F2802x_GlobalVariableDefs.obj (EPwm2RegsFile)

EPwm3RegsFile 
*          1    00006880    00000040     UNINITIALIZED
                  00006880    00000040     driverlib.lib : F2802x_GlobalVariableDefs.obj (EPwm3RegsFile)

EPwm4RegsFile 
*          1    000068c0    00000040     UNINITIALIZED
                  000068c0    00000040     driverlib.lib : F2802x_GlobalVariableDefs.obj (EPwm4RegsFile)

ECap1RegsFile 
*          1    00006a00    00000020     UNINITIALIZED
                  00006a00    00000020     driverlib.lib : F2802x_GlobalVariableDefs.obj (ECap1RegsFile)

GpioCtrlRegsFile 
*          1    00006f80    00000040     UNINITIALIZED
                  00006f80    00000040     driverlib.lib : F2802x_GlobalVariableDefs.obj (GpioCtrlRegsFile)

GpioDataRegsFile 
*          1    00006fc0    00000020     UNINITIALIZED
                  00006fc0    00000020     driverlib.lib : F2802x_GlobalVariableDefs.obj (GpioDataRegsFile)

GpioIntRegsFile 
*          1    00006fe0    0000000a     UNINITIALIZED
                  00006fe0    0000000a     driverlib.lib : F2802x_GlobalVariableDefs.obj (GpioIntRegsFile)

SysCtrlRegsFile 
*          1    00007010    0000001f     UNINITIALIZED
                  00007010    0000001f     driverlib.lib : F2802x_GlobalVariableDefs.obj (SysCtrlRegsFile)

SpiaRegsFile 
*          1    00007040    00000010     UNINITIALIZED
                  00007040    00000010     driverlib.lib : F2802x_GlobalVariableDefs.obj (SpiaRegsFile)

SciaRegsFile 
*          1    00007050    00000010     UNINITIALIZED
                  00007050    00000010     driverlib.lib : F2802x_GlobalVariableDefs.obj (SciaRegsFile)

NmiIntruptRegsFile 
*          1    00007060    00000010     UNINITIALIZED
                  00007060    00000010     driverlib.lib : F2802x_GlobalVariableDefs.obj (NmiIntruptRegsFile)

XIntruptRegsFile 
*          1    00007070    00000010     UNINITIALIZED
                  00007070    00000010     driverlib.lib : F2802x_GlobalVariableDefs.obj (XIntruptRegsFile)

AdcRegsFile 
*          1    00007100    00000051     UNINITIALIZED
                  00007100    00000051     driverlib.lib : F2802x_GlobalVariableDefs.obj (AdcRegsFile)

I2caRegsFile 
*          1    00007900    00000022     UNINITIALIZED
                  00007900    00000022     driverlib.lib : F2802x_GlobalVariableDefs.obj (I2caRegsFile)

.ebss      1    00008800    0000077e     UNINITIALIZED
                  00008800    00000710     SciGui.obj (.ebss)
                  00008f10    00000006     SerialCom.obj (.ebss)
                  00008f16    00000004     rts2800_ml.lib : _lock.obj (.ebss)
                  00008f1a    00000004                    : exit.obj (.ebss)
                  00008f1e    00000001     Control.obj (.ebss)
                  00008f1f    00000001     driverlib.lib : cpu.obj (.ebss)
                  00008f20    00000020     --HOLE--
                  00008f40    0000003e     main.obj (.ebss)

PartIdRegsFile 
*          1    003d7fff    00000001     UNINITIALIZED
                  003d7fff    00000001     driverlib.lib : F2802x_GlobalVariableDefs.obj (PartIdRegsFile)

CsmPwlFile 
*          1    003f7ff8    00000008     UNINITIALIZED
                  003f7ff8    00000008     driverlib.lib : F2802x_GlobalVariableDefs.obj (CsmPwlFile)


GLOBAL SYMBOLS: SORTED ALPHABETICALLY BY Name 

address    name
--------   ----
ffffffff   .text
003f6cab   C$$EXIT
003f683d   FS$$ADD
003f6734   FS$$DIV
003f691b   FS$$MPY
003f6838   FS$$SUB
003f6b53   FS$$TOI
003f6c78   I$$TOFS
00008f6c   _ADC0_ft
00008f49   _ADC0_int
00008f58   _ADC1_ft
00008f4a   _ADC1_int
00008f56   _ADC2_ft
00008f47   _ADC2_int
00008f5a   _ADC3_ft
00008f48   _ADC3_int
003f6f22   _ADCINT1_ISR
003f6f27   _ADCINT2_ISR
003f6f2c   _ADCINT3_ISR
003f6f31   _ADCINT4_ISR
003f6f36   _ADCINT5_ISR
003f6f3b   _ADCINT6_ISR
003f6f40   _ADCINT7_ISR
003f6f45   _ADCINT8_ISR
003f6f4a   _ADCINT9_ISR
003f6db6   _ADC_enable
003f6dc1   _ADC_enableBandGap
003f6cc4   _ADC_enableInt
003f6dcc   _ADC_enableRefBuffers
003f6dd7   _ADC_enableTempSensor
003f6e60   _ADC_init
003f6de2   _ADC_powerUp
003f6b78   _ADC_setIntSrc
003f6c24   _ADC_setSocChanNumber
003f6c40   _ADC_setSocSampleWindow
003f6c5c   _ADC_setSocTrigSrc
003f6d54   _ADC_setVoltRefSrc
0000880e   _AccTemp1ToPC
00008810   _AccTemp2ToPC
00008816   _AccTempToPC
00007100   _AdcRegs
00000b00   _AdcResult
00008f4c   _Adq0Counter
00008f4d   _Adq0Period
00008f53   _Adq1Counter
00008f4e   _Adq1Period
003f6e78   _CLK_disableTbClockSync
003f6e7f   _CLK_enableAdcClock
003f6e33   _CLK_enablePwmClock
003f6e3c   _CLK_enableSciaClock
003f6e86   _CLK_enableTbClockSync
003f6e8d   _CLK_init
003f6e94   _CLK_setClkOutPreScaler
003f6e9b   _CLK_setOscSrc
003f704e   _CPU_clearIntFlags
003f7051   _CPU_disableGlobalInts
003f7054   _CPU_enableDebugInt
003f7057   _CPU_enableGlobalInts
003f7012   _CPU_enableInt
003f7016   _CPU_init
00008840   _CommVector0
00008bc0   _CommVector1
00008807   _CommVectorIndex
00008803   _CommVectorIndex0
00008806   _CommVectorIndex1
00008a00   _CommVectorLatch0
00008d80   _CommVectorLatch1
00008805   _CommVectorLength
00008804   _CommVectorLength0
00008802   _CommVectorLength1
00006400   _Comp1Regs
00006420   _Comp2Regs
00008f43   _ControlCounter
00008f44   _ControlPeriod
00000c00   _CpuTimer0Regs
00000c08   _CpuTimer1Regs
00000c10   _CpuTimer2Regs
003f7ff8   _CsmPwl
00000ae0   _CsmRegs
00008f5e   _DAC1_ft
00008f50   _DAC1_int
00008f5c   _DAC2_ft
00008f52   _DAC2_int
003f6f4f   _DATALOG_ISR
003f6d71   _DSP28x_DisableInt
003f6d75   _DSP28x_RestoreInt
0000801c   _DSP28x_usDelay
00008f42   _DataCommCounter
00008f46   _DataCommPeriod
0000881e   _DataFloatToPC
00008826   _DataRx
00008818   _DataToPc1
00008814   _DataToPc2
0000882c   _DataTx
00000880   _DevEmuRegs
003f6f54   _ECAP1_INT_ISR
00006a00   _ECap1Regs
003f6f59   _EMUINT_ISR
003f6f5e   _EPWM1_INT_ISR
003f6f63   _EPWM1_TZINT_ISR
003f6f68   _EPWM2_INT_ISR
003f6f6d   _EPWM2_TZINT_ISR
003f6f72   _EPWM3_INT_ISR
003f6f77   _EPWM3_TZINT_ISR
00006800   _EPwm1Regs
00006840   _EPwm2Regs
00006880   _EPwm3Regs
000068c0   _EPwm4Regs
00000d01   _EmuBMode
00000d00   _EmuKey
0000800c   _FLASH_enablePipelineMode
003f6ea2   _FLASH_init
00008012   _FLASH_setActiveWaitCount
00008017   _FLASH_setStandbyWaitCount
00008000   _FLASH_setup
00008f4b   _FlagCounter
00008f45   _FlagPeriod
00000a80   _FlashRegs
00000d04   _Flash_CPUScaleFactor
00000d02   _Flash_CallbackPtr
003f6ea9   _GPIO_init
003f6a37   _GPIO_setDirection
003f6d08   _GPIO_setHigh
003f6d1b   _GPIO_setLow
003f6975   _GPIO_setMode
003f6a6b   _GPIO_setPullUp
003f6aff   _GPIO_setQualification
003f6d2e   _GPIO_toggle
00006f80   _GpioCtrlRegs
00006fc0   _GpioDataRegs
00006fe0   _GpioIntRegs
003f66a0   _HRPWM4_Config
003f6f7c   _I2CINT1A_ISR
003f6f81   _I2CINT2A_ISR
00007900   _I2caRegs
003f6f86   _ILLEGAL_ISR
003f6f8b   _INT13_ISR
003f6f90   _INT14_ISR
0000881a   _Message
00008822   _Modifier
003f6f95   _NMI_ISR
00007060   _NmiIntruptRegs
00008f1e   _Output_Selector
003f6f9a   _PIE_RESERVED
003f705a   _PIE_disable
003f6d89   _PIE_disableAllInts
003f705d   _PIE_enable
003f6ded   _PIE_enableInt
003f7060   _PIE_enableTimer0Int
003f6e68   _PIE_init
003f6d98   _PIE_registerPieIntHandler
003f6d78   _PIE_setDebugIntVectorTable
003f6000   _PIE_tableDebugInit
003f6b2a   _PLL_SdC_function
003f7063   _PLL_getClkStatus
003f7066   _PLL_getLockStatus
003f6eb0   _PLL_init
003f6eb7   _PLL_setDivider
003f6f04   _PLL_setMultiplier
003f6cf3   _PLL_setup
003f7069   _PWM_disableCounterLoad
003f6ebe   _PWM_init
003f6e45   _PWM_setActionQual_CntUp_CmpA_PwmA
003f6e4e   _PWM_setActionQual_CntUp_CmpB_PwmB
003f6ec5   _PWM_setActionQual_Zero_PwmA
003f6ecc   _PWM_setActionQual_Zero_PwmB
003f701a   _PWM_setClkDiv
003f708d   _PWM_setCount
003f701e   _PWM_setCounterMode
003f7022   _PWM_setHighSpeedClkDiv
003f6df7   _PWM_setHrControlMode
003f6e01   _PWM_setHrEdgeMode
003f6e0b   _PWM_setHrShadowMode
003f7026   _PWM_setLoadMode_CmpA
003f6f0a   _PWM_setLoadMode_CmpB
003f708f   _PWM_setPeriod
003f702a   _PWM_setPeriodLoad
003f7091   _PWM_setPhase
003f6f10   _PWM_setShadowMode_CmpA
003f6f16   _PWM_setShadowMode_CmpB
003f702e   _PWM_setSyncMode
003d7fff   _PartIdRegs
00000ce0   _PieCtrlRegs
00000d00   _PieVectTable
003f6da7   _PumpSciGui
003f6a02   _PushFloatArrayToSerialCom
003f6f9f   _RTOSINT_ISR
00000020   _RamfuncsLoadSize
003f6159   _RamfuncsLoadStart
00008000   _RamfuncsRunStart
003f6bc0   _ReadFloatFromSerialCom
003f67b7   _ReadInputMsgFromSerialComMod
0000880a   _RequestState
003f6fa4   _SCIRXINTA_ISR
003f6fa9   _SCITXINTA_ISR
003f7032   _SCI_clearRxFifoInt
003f7036   _SCI_clearRxFifoOvf
003f703a   _SCI_clearTxFifoInt
003f706c   _SCI_disableParity
003f706f   _SCI_enable
003f703e   _SCI_enableFifoEnh
003f7072   _SCI_enableRx
003f7042   _SCI_enableRxFifoInt
003f7075   _SCI_enableRxInt
003f7078   _SCI_enableTx
003f707b   _SCI_enableTxInt
003f6ed3   _SCI_init
003f6e15   _SCI_resetChannels
003f6e1f   _SCI_resetRxFifo
003f6e29   _SCI_resetTxFifo
003f6f1c   _SCI_setBaudRate
003f7046   _SCI_setCharLength
003f704a   _SCI_setNumStopBits
003f707e   _SCI_setPriority
003f6eda   _SCI_setRxFifoIntLevel
003f6ee1   _SCI_setTxFifoIntLevel
003f6fae   _SPIRXINTA_ISR
003f6fb3   _SPITXINTA_ISR
00007050   _SciaRegs
00008f54   _SignalGeneratorClockDividerCounter
00007040   _SpiaRegs
00007010   _SysCtrlRegs
00000985   _SysPwrCtrlRegs
003f7081   _TIMER_enableInt
003f6ee8   _TIMER_init
003f7084   _TIMER_reload
003f6eef   _TIMER_setEmulationMode
003f7093   _TIMER_setPeriod
003f6d41   _TIMER_setPreScaler
003f7087   _TIMER_start
003f708a   _TIMER_stop
003f6fb8   _TINT0_ISR
00008812   _TempToPC
00008f76   _TimerPeriod
003f6fbd   _USER10_ISR
003f6fc2   _USER11_ISR
003f6fc7   _USER12_ISR
003f6fcc   _USER1_ISR
003f6fd1   _USER2_ISR
003f6fd6   _USER3_ISR
003f6fdb   _USER4_ISR
003f6fe0   _USER5_ISR
003f6fe5   _USER6_ISR
003f6fea   _USER7_ISR
003f6fef   _USER8_ISR
003f6ff4   _USER9_ISR
00008f51   _UserGPIO
00008f40   _UserLED
00008f60   _UserPC
003f6ff9   _WAKEINT_ISR
003f6e70   _WDOG_disable
003f6ef6   _WDOG_init
003f6c04   _WriteOutputMsgToSerialCom
003f6ffe   _XINT1_ISR
003f7003   _XINT2_ISR
003f7008   _XINT3_ISR
00007070   _XIntruptRegs
00000350   __STACK_END
00000300   __STACK_SIZE
00000001   __TI_args_main
ffffffff   ___binit__
ffffffff   ___c_args__
003f7095   ___cinit__
ffffffff   ___etext__
003f6be3   ___memcpy_ff
ffffffff   ___pinit__
ffffffff   ___text__
003f6c92   __args_main
00008f1a   __cleanup_ptr
00008f1c   __dtors_ptr
00008f18   __lock
003f6e5f   __nop
003f6e5b   __register_lock
003f6e57   __register_unlock
00000050   __stack
00008f16   __unlock
003f6cab   _abort
003f69be   _c_int00
00008809   _com_enable
003f657e   _control_function
00008f1f   _cpu
003f6a9f   _cpu_timer0_isr
00008f55   _currentTemp
00008801   _datacomm_enable
00008800   _datacomm_enable_flag
003f6cad   _exit
003f6ad1   _flag_function
003f6179   _main
00008f72   _myAdc
00008f74   _myClk
00008f7c   _myFlash
00008f78   _myGpio
00008f7a   _myPie
00008f64   _myPwm1
00008f66   _myPwm2
00008f70   _myPwm3
00008f6a   _myPwm4
00008f68   _mySci
00008f6e   _myTimer0
00008f4f   _referenceTemp
00008808   _referencia
003f700d   _rsvd_ISR
003f6b9c   _sampleTemperature
003f6426   _sciaRxFifoIsr
003f68b0   _scia_init
003f6efd   _scia_xmit
003f6d6e   _setDBGIER
003f6cdc   _strncmp
ffffffff   binit
003f7095   cinit
003f7ff6   code_start
ffffffff   etext
ffffffff   pinit


GLOBAL SYMBOLS: SORTED BY Symbol Address 

address    name
--------   ----
00000001   __TI_args_main
00000020   _RamfuncsLoadSize
00000050   __stack
00000300   __STACK_SIZE
00000350   __STACK_END
00000880   _DevEmuRegs
00000985   _SysPwrCtrlRegs
00000a80   _FlashRegs
00000ae0   _CsmRegs
00000b00   _AdcResult
00000c00   _CpuTimer0Regs
00000c08   _CpuTimer1Regs
00000c10   _CpuTimer2Regs
00000ce0   _PieCtrlRegs
00000d00   _EmuKey
00000d00   _PieVectTable
00000d01   _EmuBMode
00000d02   _Flash_CallbackPtr
00000d04   _Flash_CPUScaleFactor
00006400   _Comp1Regs
00006420   _Comp2Regs
00006800   _EPwm1Regs
00006840   _EPwm2Regs
00006880   _EPwm3Regs
000068c0   _EPwm4Regs
00006a00   _ECap1Regs
00006f80   _GpioCtrlRegs
00006fc0   _GpioDataRegs
00006fe0   _GpioIntRegs
00007010   _SysCtrlRegs
00007040   _SpiaRegs
00007050   _SciaRegs
00007060   _NmiIntruptRegs
00007070   _XIntruptRegs
00007100   _AdcRegs
00007900   _I2caRegs
00008000   _FLASH_setup
00008000   _RamfuncsRunStart
0000800c   _FLASH_enablePipelineMode
00008012   _FLASH_setActiveWaitCount
00008017   _FLASH_setStandbyWaitCount
0000801c   _DSP28x_usDelay
00008800   _datacomm_enable_flag
00008801   _datacomm_enable
00008802   _CommVectorLength1
00008803   _CommVectorIndex0
00008804   _CommVectorLength0
00008805   _CommVectorLength
00008806   _CommVectorIndex1
00008807   _CommVectorIndex
00008808   _referencia
00008809   _com_enable
0000880a   _RequestState
0000880e   _AccTemp1ToPC
00008810   _AccTemp2ToPC
00008812   _TempToPC
00008814   _DataToPc2
00008816   _AccTempToPC
00008818   _DataToPc1
0000881a   _Message
0000881e   _DataFloatToPC
00008822   _Modifier
00008826   _DataRx
0000882c   _DataTx
00008840   _CommVector0
00008a00   _CommVectorLatch0
00008bc0   _CommVector1
00008d80   _CommVectorLatch1
00008f16   __unlock
00008f18   __lock
00008f1a   __cleanup_ptr
00008f1c   __dtors_ptr
00008f1e   _Output_Selector
00008f1f   _cpu
00008f40   _UserLED
00008f42   _DataCommCounter
00008f43   _ControlCounter
00008f44   _ControlPeriod
00008f45   _FlagPeriod
00008f46   _DataCommPeriod
00008f47   _ADC2_int
00008f48   _ADC3_int
00008f49   _ADC0_int
00008f4a   _ADC1_int
00008f4b   _FlagCounter
00008f4c   _Adq0Counter
00008f4d   _Adq0Period
00008f4e   _Adq1Period
00008f4f   _referenceTemp
00008f50   _DAC1_int
00008f51   _UserGPIO
00008f52   _DAC2_int
00008f53   _Adq1Counter
00008f54   _SignalGeneratorClockDividerCounter
00008f55   _currentTemp
00008f56   _ADC2_ft
00008f58   _ADC1_ft
00008f5a   _ADC3_ft
00008f5c   _DAC2_ft
00008f5e   _DAC1_ft
00008f60   _UserPC
00008f64   _myPwm1
00008f66   _myPwm2
00008f68   _mySci
00008f6a   _myPwm4
00008f6c   _ADC0_ft
00008f6e   _myTimer0
00008f70   _myPwm3
00008f72   _myAdc
00008f74   _myClk
00008f76   _TimerPeriod
00008f78   _myGpio
00008f7a   _myPie
00008f7c   _myFlash
003d7fff   _PartIdRegs
003f6000   _PIE_tableDebugInit
003f6159   _RamfuncsLoadStart
003f6179   _main
003f6426   _sciaRxFifoIsr
003f657e   _control_function
003f66a0   _HRPWM4_Config
003f6734   FS$$DIV
003f67b7   _ReadInputMsgFromSerialComMod
003f6838   FS$$SUB
003f683d   FS$$ADD
003f68b0   _scia_init
003f691b   FS$$MPY
003f6975   _GPIO_setMode
003f69be   _c_int00
003f6a02   _PushFloatArrayToSerialCom
003f6a37   _GPIO_setDirection
003f6a6b   _GPIO_setPullUp
003f6a9f   _cpu_timer0_isr
003f6ad1   _flag_function
003f6aff   _GPIO_setQualification
003f6b2a   _PLL_SdC_function
003f6b53   FS$$TOI
003f6b78   _ADC_setIntSrc
003f6b9c   _sampleTemperature
003f6bc0   _ReadFloatFromSerialCom
003f6be3   ___memcpy_ff
003f6c04   _WriteOutputMsgToSerialCom
003f6c24   _ADC_setSocChanNumber
003f6c40   _ADC_setSocSampleWindow
003f6c5c   _ADC_setSocTrigSrc
003f6c78   I$$TOFS
003f6c92   __args_main
003f6cab   C$$EXIT
003f6cab   _abort
003f6cad   _exit
003f6cc4   _ADC_enableInt
003f6cdc   _strncmp
003f6cf3   _PLL_setup
003f6d08   _GPIO_setHigh
003f6d1b   _GPIO_setLow
003f6d2e   _GPIO_toggle
003f6d41   _TIMER_setPreScaler
003f6d54   _ADC_setVoltRefSrc
003f6d6e   _setDBGIER
003f6d71   _DSP28x_DisableInt
003f6d75   _DSP28x_RestoreInt
003f6d78   _PIE_setDebugIntVectorTable
003f6d89   _PIE_disableAllInts
003f6d98   _PIE_registerPieIntHandler
003f6da7   _PumpSciGui
003f6db6   _ADC_enable
003f6dc1   _ADC_enableBandGap
003f6dcc   _ADC_enableRefBuffers
003f6dd7   _ADC_enableTempSensor
003f6de2   _ADC_powerUp
003f6ded   _PIE_enableInt
003f6df7   _PWM_setHrControlMode
003f6e01   _PWM_setHrEdgeMode
003f6e0b   _PWM_setHrShadowMode
003f6e15   _SCI_resetChannels
003f6e1f   _SCI_resetRxFifo
003f6e29   _SCI_resetTxFifo
003f6e33   _CLK_enablePwmClock
003f6e3c   _CLK_enableSciaClock
003f6e45   _PWM_setActionQual_CntUp_CmpA_PwmA
003f6e4e   _PWM_setActionQual_CntUp_CmpB_PwmB
003f6e57   __register_unlock
003f6e5b   __register_lock
003f6e5f   __nop
003f6e60   _ADC_init
003f6e68   _PIE_init
003f6e70   _WDOG_disable
003f6e78   _CLK_disableTbClockSync
003f6e7f   _CLK_enableAdcClock
003f6e86   _CLK_enableTbClockSync
003f6e8d   _CLK_init
003f6e94   _CLK_setClkOutPreScaler
003f6e9b   _CLK_setOscSrc
003f6ea2   _FLASH_init
003f6ea9   _GPIO_init
003f6eb0   _PLL_init
003f6eb7   _PLL_setDivider
003f6ebe   _PWM_init
003f6ec5   _PWM_setActionQual_Zero_PwmA
003f6ecc   _PWM_setActionQual_Zero_PwmB
003f6ed3   _SCI_init
003f6eda   _SCI_setRxFifoIntLevel
003f6ee1   _SCI_setTxFifoIntLevel
003f6ee8   _TIMER_init
003f6eef   _TIMER_setEmulationMode
003f6ef6   _WDOG_init
003f6efd   _scia_xmit
003f6f04   _PLL_setMultiplier
003f6f0a   _PWM_setLoadMode_CmpB
003f6f10   _PWM_setShadowMode_CmpA
003f6f16   _PWM_setShadowMode_CmpB
003f6f1c   _SCI_setBaudRate
003f6f22   _ADCINT1_ISR
003f6f27   _ADCINT2_ISR
003f6f2c   _ADCINT3_ISR
003f6f31   _ADCINT4_ISR
003f6f36   _ADCINT5_ISR
003f6f3b   _ADCINT6_ISR
003f6f40   _ADCINT7_ISR
003f6f45   _ADCINT8_ISR
003f6f4a   _ADCINT9_ISR
003f6f4f   _DATALOG_ISR
003f6f54   _ECAP1_INT_ISR
003f6f59   _EMUINT_ISR
003f6f5e   _EPWM1_INT_ISR
003f6f63   _EPWM1_TZINT_ISR
003f6f68   _EPWM2_INT_ISR
003f6f6d   _EPWM2_TZINT_ISR
003f6f72   _EPWM3_INT_ISR
003f6f77   _EPWM3_TZINT_ISR
003f6f7c   _I2CINT1A_ISR
003f6f81   _I2CINT2A_ISR
003f6f86   _ILLEGAL_ISR
003f6f8b   _INT13_ISR
003f6f90   _INT14_ISR
003f6f95   _NMI_ISR
003f6f9a   _PIE_RESERVED
003f6f9f   _RTOSINT_ISR
003f6fa4   _SCIRXINTA_ISR
003f6fa9   _SCITXINTA_ISR
003f6fae   _SPIRXINTA_ISR
003f6fb3   _SPITXINTA_ISR
003f6fb8   _TINT0_ISR
003f6fbd   _USER10_ISR
003f6fc2   _USER11_ISR
003f6fc7   _USER12_ISR
003f6fcc   _USER1_ISR
003f6fd1   _USER2_ISR
003f6fd6   _USER3_ISR
003f6fdb   _USER4_ISR
003f6fe0   _USER5_ISR
003f6fe5   _USER6_ISR
003f6fea   _USER7_ISR
003f6fef   _USER8_ISR
003f6ff4   _USER9_ISR
003f6ff9   _WAKEINT_ISR
003f6ffe   _XINT1_ISR
003f7003   _XINT2_ISR
003f7008   _XINT3_ISR
003f700d   _rsvd_ISR
003f7012   _CPU_enableInt
003f7016   _CPU_init
003f701a   _PWM_setClkDiv
003f701e   _PWM_setCounterMode
003f7022   _PWM_setHighSpeedClkDiv
003f7026   _PWM_setLoadMode_CmpA
003f702a   _PWM_setPeriodLoad
003f702e   _PWM_setSyncMode
003f7032   _SCI_clearRxFifoInt
003f7036   _SCI_clearRxFifoOvf
003f703a   _SCI_clearTxFifoInt
003f703e   _SCI_enableFifoEnh
003f7042   _SCI_enableRxFifoInt
003f7046   _SCI_setCharLength
003f704a   _SCI_setNumStopBits
003f704e   _CPU_clearIntFlags
003f7051   _CPU_disableGlobalInts
003f7054   _CPU_enableDebugInt
003f7057   _CPU_enableGlobalInts
003f705a   _PIE_disable
003f705d   _PIE_enable
003f7060   _PIE_enableTimer0Int
003f7063   _PLL_getClkStatus
003f7066   _PLL_getLockStatus
003f7069   _PWM_disableCounterLoad
003f706c   _SCI_disableParity
003f706f   _SCI_enable
003f7072   _SCI_enableRx
003f7075   _SCI_enableRxInt
003f7078   _SCI_enableTx
003f707b   _SCI_enableTxInt
003f707e   _SCI_setPriority
003f7081   _TIMER_enableInt
003f7084   _TIMER_reload
003f7087   _TIMER_start
003f708a   _TIMER_stop
003f708d   _PWM_setCount
003f708f   _PWM_setPeriod
003f7091   _PWM_setPhase
003f7093   _TIMER_setPeriod
003f7095   ___cinit__
003f7095   cinit
003f7ff6   code_start
003f7ff8   _CsmPwl
ffffffff   .text
ffffffff   ___binit__
ffffffff   ___c_args__
ffffffff   ___etext__
ffffffff   ___pinit__
ffffffff   ___text__
ffffffff   binit
ffffffff   etext
ffffffff   pinit

[313 symbols]
